// Jest Snapshot v1, https://goo.gl/fbAQLP

exports[`MessageComponent matches snapshot 1`] = `
<DocumentFragment>
  <p
    class="text-lg mt-4 text-green-600"
  >
    Snapshot test
  </p>
</DocumentFragment>
`;
